`config.kit.csrf.checkOrigin` has been deprecated in favour of `csrf.trustedOrigins`. It will be removed in a future version
5:24:52 PM [vite-plugin-svelte] src/routes/public/folder/[...path]/+page.svelte:39:35 This reference only captures the initial value of `data`. Did you mean to reference it inside a derived instead?
https://svelte.dev/e/state_referenced_locally
37:   };
38: 
39:   let files: FileRecord[] = $state(data.files ?? []);
                                           ^
40:   let subfolders: FolderRecord[] = $state(data.subfolders ?? []);
41:   let folder: FolderRecord = $state(data.folder);
5:24:52 PM [vite-plugin-svelte] src/routes/public/folder/[...path]/+page.svelte:40:42 This reference only captures the initial value of `data`. Did you mean to reference it inside a derived instead?
https://svelte.dev/e/state_referenced_locally
38: 
39:   let files: FileRecord[] = $state(data.files ?? []);
40:   let subfolders: FolderRecord[] = $state(data.subfolders ?? []);
                                                  ^
41:   let folder: FolderRecord = $state(data.folder);
42:   let folderPath: string = $state(data.folderPath ?? '');
5:24:52 PM [vite-plugin-svelte] src/routes/public/folder/[...path]/+page.svelte:41:36 This reference only captures the initial value of `data`. Did you mean to reference it inside a derived instead?
https://svelte.dev/e/state_referenced_locally
39:   let files: FileRecord[] = $state(data.files ?? []);
40:   let subfolders: FolderRecord[] = $state(data.subfolders ?? []);
41:   let folder: FolderRecord = $state(data.folder);
                                            ^
42:   let folderPath: string = $state(data.folderPath ?? '');
43: 
5:24:52 PM [vite-plugin-svelte] src/routes/public/folder/[...path]/+page.svelte:42:34 This reference only captures the initial value of `data`. Did you mean to reference it inside a derived instead?
https://svelte.dev/e/state_referenced_locally
40:   let subfolders: FolderRecord[] = $state(data.subfolders ?? []);
41:   let folder: FolderRecord = $state(data.folder);
42:   let folderPath: string = $state(data.folderPath ?? '');
                                          ^
43: 
44:   const pathParts = $derived.by(() => folderPath.split('/').filter(Boolean));
5:24:53 PM [vite-plugin-svelte] src/lib/components/Sidebar.svelte:165:4 Buttons and links should either contain text or have an `aria-label`, `aria-labelledby` or `title` attribute
https://svelte.dev/e/a11y_consider_explicit_label
163:   <!-- Sheet (swipe up) -->
164:   <div class="mob-sheet" class:open={sheetOpen}>
165:     <button class="sheet-handle" onclick={() => sheetOpen = !sheetOpen}></button>
                                                                                      ^
166: 
167:     {#if user}
5:24:54 PM [vite-plugin-svelte] src/lib/tabs/Files.svelte:1292:6 `<div>` with a contextmenu handler must have an ARIA role
https://svelte.dev/e/a11y_no_static_element_interactions
1290: 
1291: <div class="files-root" role="presentation" ondragover={handleDragOver} ondragleave={handleDragLeave}>
1292:       <div class="content" oncontextmenu={(e) => openContextMenu(e, null)}>
                  ^
1293:         <input
1294:           type="file"
5:24:54 PM [vite-plugin-svelte] src/lib/tabs/Files.svelte:1542:14 Visible, non-interactive elements with a click event must be accompanied by a keyboard event handler. Consider whether an interactive element such as `<button type="button">` or `<a>` might be more appropriate
https://svelte.dev/e/a11y_click_events_have_key_events
1540:             {#each currentFolders as folder (folder.folderId)}
1541:               <!-- svelte-ignore a11y_no_static_element_interactions -->
1542:               <div class="file-row folder-row"
                          ^
1543:                 animate:flip={{ duration: 200 }}
1544:                 in:fly={{ y: -10, duration: 150 }}
5:24:54 PM [vite-plugin-svelte] src/lib/tabs/Files.svelte:1620:14 Visible, non-interactive elements with a click event must be accompanied by a keyboard event handler. Consider whether an interactive element such as `<button type="button">` or `<a>` might be more appropriate
https://svelte.dev/e/a11y_click_events_have_key_events
1618:               {@const FileIcon = fileIconComponent(file.type)}
1619:               <!-- svelte-ignore a11y_no_static_element_interactions -->
1620:               <div
                         ^
1621:                 class="file-row"
1622:                 animate:flip={{ duration: 200 }}
5:24:54 PM [vite-plugin-svelte] src/lib/tabs/Files.svelte:1855:14 Visible, non-interactive elements with a click event must be accompanied by a keyboard event handler. Consider whether an interactive element such as `<button type="button">` or `<a>` might be more appropriate
https://svelte.dev/e/a11y_click_events_have_key_events
1853:             {/each}
1854:             {#each processedFiles as file (file.metaFileId)}
1855:               <div
                         ^
1856:                 class="grid-card"
1857:                 animate:flip={{ duration: 200 }}
5:24:54 PM [vite-plugin-svelte] src/lib/tabs/Files.svelte:1855:14 `<div>` with a contextmenu or click handler must have an ARIA role
https://svelte.dev/e/a11y_no_static_element_interactions
1853:             {/each}
1854:             {#each processedFiles as file (file.metaFileId)}
1855:               <div
                         ^
1856:                 class="grid-card"
1857:                 animate:flip={{ duration: 200 }}
5:24:54 PM [vite-plugin-svelte] src/lib/tabs/Files.svelte:1906:16 Visible, non-interactive elements with a click event must be accompanied by a keyboard event handler. Consider whether an interactive element such as `<button type="button">` or `<a>` might be more appropriate
https://svelte.dev/e/a11y_click_events_have_key_events
1904:                   <span class="grid-meta">{formatBytes(file.totalBytes)}</span>
1905:                 </div>
1906:                 <div class="grid-actions" onclick={(e) => e.stopPropagation()}>
                            ^
1907:                     <button
1908:                      class="act-btn sm"
5:24:54 PM [vite-plugin-svelte] src/lib/tabs/Files.svelte:1906:16 `<div>` with a click handler must have an ARIA role
https://svelte.dev/e/a11y_no_static_element_interactions
1904:                   <span class="grid-meta">{formatBytes(file.totalBytes)}</span>
1905:                 </div>
1906:                 <div class="grid-actions" onclick={(e) => e.stopPropagation()}>
                            ^
1907:                     <button
1908:                      class="act-btn sm"
5:24:54 PM [vite-plugin-svelte] src/lib/tabs/Files.svelte:2034:6 Non-interactive element `<div>` should not be assigned mouse or keyboard event listeners
https://svelte.dev/e/a11y_no_noninteractive_element_interactions
2032:       <!-- svelte-ignore a11y_click_events_have_key_events -->
2033:       <!-- svelte-ignore a11y_no_static_element_interactions -->
2034:       <div class="modal-content danger" onclick={(e) => e.stopPropagation()} role="document">
                  ^
2035:         <div class="modal-header">
2036:           <IconTrash size={24} stroke={1.5} class="msg-icon danger" />
5:24:54 PM [vite-plugin-svelte] src/lib/tabs/Files.svelte:2763:4 Unused CSS selector ".toolbar-right button span"
https://svelte.dev/e/css_unused_selector
2761:     /* on mobile the sidebar is a bottom bar, no left margin needed */
2762:     .content { padding: 10px 12px; }
2763:     .toolbar-right button span { display: none; } /* hide text labels in toolbar */
                                    ^
2764:     .factions { gap: 2px; }
2765:     .act-btn { width: 26px; height: 26px; }
5:24:55 PM [vite-plugin-svelte] src/lib/tabs/Draw.svelte:420:4 Self-closing HTML tags for non-void elements are ambiguous — use `<div ...></div>` rather than `<div ... />`
https://svelte.dev/e/element_invalid_self_closing_tag
418:     </div>
419: 
420:     <div class="tb-sep"/>
                              ^
421: 
422:     <div class="tb-group">
5:24:55 PM [vite-plugin-svelte] src/lib/tabs/Draw.svelte:430:4 Self-closing HTML tags for non-void elements are ambiguous — use `<div ...></div>` rather than `<div ... />`
https://svelte.dev/e/element_invalid_self_closing_tag
428:     </div>
429: 
430:     <div class="tb-sep"/>
                              ^
431: 
432:     <div class="tb-group">
5:24:55 PM [vite-plugin-svelte] src/lib/tabs/Draw.svelte:438:4 Self-closing HTML tags for non-void elements are ambiguous — use `<div ...></div>` rather than `<div ... />`
https://svelte.dev/e/element_invalid_self_closing_tag
436:     </div>
437: 
438:     <div class="tb-sep"/>
                              ^
439: 
440:     <div class="tb-group tb-colors">
5:24:55 PM [vite-plugin-svelte] src/lib/tabs/Draw.svelte:442:8 Self-closing HTML tags for non-void elements are ambiguous — use `<span ...></span>` rather than `<span ... />`
https://svelte.dev/e/element_invalid_self_closing_tag
440:     <div class="tb-group tb-colors">
441:       <label class="color-label" title="Stroke color">
442:         <span class="color-swatch" style="background:{color}"/>
                                                                    ^
443:         <input type="color" bind:value={color} class="color-input"/>
444:       </label>
5:24:55 PM [vite-plugin-svelte] src/lib/tabs/Draw.svelte:471:4 `<svg>` with a pointerdown, pointermove, pointerup or pointerleave handler must have an ARIA role
https://svelte.dev/e/a11y_no_static_element_interactions
469:   <!-- SVG Canvas -->
470:   <div class="canvas-area" bind:this={canvasArea}>
471:     <svg
             ^
472:       bind:this={svgEl}
473:       viewBox="0 0 {w} {h}"
5:24:55 PM [vite-plugin-svelte] src/lib/tabs/Draw.svelte:45:6 `strokes` is updated, but is not declared with `$state(...)`. Changing its value will not correctly trigger updates
https://svelte.dev/e/non_reactive_update
43:   };
44: 
45:   let strokes: Stroke[] = [];
                           ^
46:   let historyIdx = -1;
47:   const MAX_HISTORY = 50;
5:24:55 PM [vite-plugin-svelte] src/lib/tabs/Draw.svelte:46:6 `historyIdx` is updated, but is not declared with `$state(...)`. Changing its value will not correctly trigger updates
https://svelte.dev/e/non_reactive_update
44: 
45:   let strokes: Stroke[] = [];
46:   let historyIdx = -1;
                    ^
47:   const MAX_HISTORY = 50;
48: 
5:24:55 PM [vite-plugin-svelte] src/lib/tabs/Draw.svelte:50:6 `currentStroke` is updated, but is not declared with `$state(...)`. Changing its value will not correctly trigger updates
https://svelte.dev/e/non_reactive_update
48: 
49:   let drawing = false;
50:   let currentStroke: Stroke | null = null;
                                      ^
51:   let currentPoints: Point[] = [];
52:   let pencilPaths: string[] = [];
5:24:55 PM [vite-plugin-svelte] src/lib/tabs/Draw.svelte:52:6 `pencilPaths` is updated, but is not declared with `$state(...)`. Changing its value will not correctly trigger updates
https://svelte.dev/e/non_reactive_update
50:   let currentStroke: Stroke | null = null;
51:   let currentPoints: Point[] = [];
52:   let pencilPaths: string[] = [];
                               ^
53: 
54:   // ── SVG coords ──────────────────────────────────────────────────────────
5:24:56 PM [vite-plugin-svelte] src/lib/tabs/Vault.svelte:479:2 Unused CSS selector ".vault-head h2"
https://svelte.dev/e/css_unused_selector
477: 
478:   .vault-head h1,
479:   .vault-head h2 {
                     ^
480:     font-size: 18px;
481:     font-weight: 600;
5:24:56 PM [vite-plugin-svelte] src/lib/components/SaveDialog.svelte:23:26 This reference only captures the initial value of `defaultName`. Did you mean to reference it inside a closure instead?
https://svelte.dev/e/state_referenced_locally
21:   type Folder = { folderId: string; name: string; parentId?: string };
22: 
23:   let filename   = $state(defaultName);
                                         ^
24:   let folders    = $state<Folder[]>([]);
25:   let currentId  = $state<string | null>(null);
5:25:06 PM [vite-plugin-svelte] src/lib/components/viewer/FileEditor.svelte:147:38 This reference only captures the initial value of `isMd`. Did you mean to reference it inside a derived instead?
https://svelte.dev/e/state_referenced_locally
145:   let dirty        = $state(false);
146:   type TextView = 'editor' | 'preview' | 'split';
147:   let textView     = $state<TextView>(isMd ? 'split' : 'editor');
                                               ^
148:   let mdHtml       = $state('');
149: 
[33msrc/routes/api/vault/unlock/+server.ts (10:2): "VaultIndexPlain" is not exported by "src/routes/api/vault/_vault.ts", imported by "src/routes/api/vault/unlock/+server.ts".[39m
[33msrc/routes/api/vault/unlock/+server.ts (11:2): "VaultRegistryPlain" is not exported by "src/routes/api/vault/_vault.ts", imported by "src/routes/api/vault/unlock/+server.ts".[39m
[33m"strToU8" is imported from external module "fflate" but never used in "src/lib/tabs/Files.svelte".[39m
`config.kit.csrf.checkOrigin` has been deprecated in favour of `csrf.trustedOrigins`. It will be removed in a future version
SESSION_SECRET must be at least 32 characters
telegramStorage: TELEGRAM_BOT_TOKEN or TELEGRAM_BACKUP_CHAT_ID missing
`config.kit.csrf.checkOrigin` has been deprecated in favour of `csrf.trustedOrigins`. It will be removed in a future version
5:26:15 PM [vite-plugin-svelte] src/routes/public/folder/[...path]/+page.svelte:39:35 This reference only captures the initial value of `data`. Did you mean to reference it inside a derived instead?
https://svelte.dev/e/state_referenced_locally
37:   };
38: 
39:   let files: FileRecord[] = $state(data.files ?? []);
                                           ^
40:   let subfolders: FolderRecord[] = $state(data.subfolders ?? []);
41:   let folder: FolderRecord = $state(data.folder);
5:26:15 PM [vite-plugin-svelte] src/routes/public/folder/[...path]/+page.svelte:40:42 This reference only captures the initial value of `data`. Did you mean to reference it inside a derived instead?
https://svelte.dev/e/state_referenced_locally
38: 
39:   let files: FileRecord[] = $state(data.files ?? []);
40:   let subfolders: FolderRecord[] = $state(data.subfolders ?? []);
                                                  ^
41:   let folder: FolderRecord = $state(data.folder);
42:   let folderPath: string = $state(data.folderPath ?? '');
5:26:15 PM [vite-plugin-svelte] src/routes/public/folder/[...path]/+page.svelte:41:36 This reference only captures the initial value of `data`. Did you mean to reference it inside a derived instead?
https://svelte.dev/e/state_referenced_locally
39:   let files: FileRecord[] = $state(data.files ?? []);
40:   let subfolders: FolderRecord[] = $state(data.subfolders ?? []);
41:   let folder: FolderRecord = $state(data.folder);
                                            ^
42:   let folderPath: string = $state(data.folderPath ?? '');
43: 
5:26:15 PM [vite-plugin-svelte] src/routes/public/folder/[...path]/+page.svelte:42:34 This reference only captures the initial value of `data`. Did you mean to reference it inside a derived instead?
https://svelte.dev/e/state_referenced_locally
40:   let subfolders: FolderRecord[] = $state(data.subfolders ?? []);
41:   let folder: FolderRecord = $state(data.folder);
42:   let folderPath: string = $state(data.folderPath ?? '');
                                          ^
43: 
44:   const pathParts = $derived.by(() => folderPath.split('/').filter(Boolean));
5:26:15 PM [vite-plugin-svelte] src/lib/components/Sidebar.svelte:165:4 Buttons and links should either contain text or have an `aria-label`, `aria-labelledby` or `title` attribute
https://svelte.dev/e/a11y_consider_explicit_label
163:   <!-- Sheet (swipe up) -->
164:   <div class="mob-sheet" class:open={sheetOpen}>
165:     <button class="sheet-handle" onclick={() => sheetOpen = !sheetOpen}></button>
                                                                                      ^
166: 
167:     {#if user}
5:26:17 PM [vite-plugin-svelte] src/lib/tabs/Files.svelte:1292:6 `<div>` with a contextmenu handler must have an ARIA role
https://svelte.dev/e/a11y_no_static_element_interactions
1290: 
1291: <div class="files-root" role="presentation" ondragover={handleDragOver} ondragleave={handleDragLeave}>
1292:       <div class="content" oncontextmenu={(e) => openContextMenu(e, null)}>
                  ^
1293:         <input
1294:           type="file"
5:26:17 PM [vite-plugin-svelte] src/lib/tabs/Files.svelte:1542:14 Visible, non-interactive elements with a click event must be accompanied by a keyboard event handler. Consider whether an interactive element such as `<button type="button">` or `<a>` might be more appropriate
https://svelte.dev/e/a11y_click_events_have_key_events
1540:             {#each currentFolders as folder (folder.folderId)}
1541:               <!-- svelte-ignore a11y_no_static_element_interactions -->
1542:               <div class="file-row folder-row"
                          ^
1543:                 animate:flip={{ duration: 200 }}
1544:                 in:fly={{ y: -10, duration: 150 }}
5:26:17 PM [vite-plugin-svelte] src/lib/tabs/Files.svelte:1620:14 Visible, non-interactive elements with a click event must be accompanied by a keyboard event handler. Consider whether an interactive element such as `<button type="button">` or `<a>` might be more appropriate
https://svelte.dev/e/a11y_click_events_have_key_events
1618:               {@const FileIcon = fileIconComponent(file.type)}
1619:               <!-- svelte-ignore a11y_no_static_element_interactions -->
1620:               <div
                         ^
1621:                 class="file-row"
1622:                 animate:flip={{ duration: 200 }}
5:26:17 PM [vite-plugin-svelte] src/lib/tabs/Files.svelte:1855:14 Visible, non-interactive elements with a click event must be accompanied by a keyboard event handler. Consider whether an interactive element such as `<button type="button">` or `<a>` might be more appropriate
https://svelte.dev/e/a11y_click_events_have_key_events
1853:             {/each}
1854:             {#each processedFiles as file (file.metaFileId)}
1855:               <div
                         ^
1856:                 class="grid-card"
1857:                 animate:flip={{ duration: 200 }}
5:26:17 PM [vite-plugin-svelte] src/lib/tabs/Files.svelte:1855:14 `<div>` with a contextmenu or click handler must have an ARIA role
https://svelte.dev/e/a11y_no_static_element_interactions
1853:             {/each}
1854:             {#each processedFiles as file (file.metaFileId)}
1855:               <div
                         ^
1856:                 class="grid-card"
1857:                 animate:flip={{ duration: 200 }}
5:26:17 PM [vite-plugin-svelte] src/lib/tabs/Files.svelte:1906:16 Visible, non-interactive elements with a click event must be accompanied by a keyboard event handler. Consider whether an interactive element such as `<button type="button">` or `<a>` might be more appropriate
https://svelte.dev/e/a11y_click_events_have_key_events
1904:                   <span class="grid-meta">{formatBytes(file.totalBytes)}</span>
1905:                 </div>
1906:                 <div class="grid-actions" onclick={(e) => e.stopPropagation()}>
                            ^
1907:                     <button
1908:                      class="act-btn sm"
5:26:17 PM [vite-plugin-svelte] src/lib/tabs/Files.svelte:1906:16 `<div>` with a click handler must have an ARIA role
https://svelte.dev/e/a11y_no_static_element_interactions
1904:                   <span class="grid-meta">{formatBytes(file.totalBytes)}</span>
1905:                 </div>
1906:                 <div class="grid-actions" onclick={(e) => e.stopPropagation()}>
                            ^
1907:                     <button
1908:                      class="act-btn sm"
5:26:17 PM [vite-plugin-svelte] src/lib/tabs/Files.svelte:2034:6 Non-interactive element `<div>` should not be assigned mouse or keyboard event listeners
https://svelte.dev/e/a11y_no_noninteractive_element_interactions
2032:       <!-- svelte-ignore a11y_click_events_have_key_events -->
2033:       <!-- svelte-ignore a11y_no_static_element_interactions -->
2034:       <div class="modal-content danger" onclick={(e) => e.stopPropagation()} role="document">
                  ^
2035:         <div class="modal-header">
2036:           <IconTrash size={24} stroke={1.5} class="msg-icon danger" />
5:26:17 PM [vite-plugin-svelte] src/lib/tabs/Files.svelte:2763:4 Unused CSS selector ".toolbar-right button span"
https://svelte.dev/e/css_unused_selector
2761:     /* on mobile the sidebar is a bottom bar, no left margin needed */
2762:     .content { padding: 10px 12px; }
2763:     .toolbar-right button span { display: none; } /* hide text labels in toolbar */
                                    ^
2764:     .factions { gap: 2px; }
2765:     .act-btn { width: 26px; height: 26px; }
5:26:18 PM [vite-plugin-svelte] src/lib/tabs/Draw.svelte:420:4 Self-closing HTML tags for non-void elements are ambiguous — use `<div ...></div>` rather than `<div ... />`
https://svelte.dev/e/element_invalid_self_closing_tag
418:     </div>
419: 
420:     <div class="tb-sep"/>
                              ^
421: 
422:     <div class="tb-group">
5:26:18 PM [vite-plugin-svelte] src/lib/tabs/Draw.svelte:430:4 Self-closing HTML tags for non-void elements are ambiguous — use `<div ...></div>` rather than `<div ... />`
https://svelte.dev/e/element_invalid_self_closing_tag
428:     </div>
429: 
430:     <div class="tb-sep"/>
                              ^
431: 
432:     <div class="tb-group">
5:26:18 PM [vite-plugin-svelte] src/lib/tabs/Draw.svelte:438:4 Self-closing HTML tags for non-void elements are ambiguous — use `<div ...></div>` rather than `<div ... />`
https://svelte.dev/e/element_invalid_self_closing_tag
436:     </div>
437: 
438:     <div class="tb-sep"/>
                              ^
439: 
440:     <div class="tb-group tb-colors">
5:26:18 PM [vite-plugin-svelte] src/lib/tabs/Draw.svelte:442:8 Self-closing HTML tags for non-void elements are ambiguous — use `<span ...></span>` rather than `<span ... />`
https://svelte.dev/e/element_invalid_self_closing_tag
440:     <div class="tb-group tb-colors">
441:       <label class="color-label" title="Stroke color">
442:         <span class="color-swatch" style="background:{color}"/>
                                                                    ^
443:         <input type="color" bind:value={color} class="color-input"/>
444:       </label>
5:26:18 PM [vite-plugin-svelte] src/lib/tabs/Draw.svelte:471:4 `<svg>` with a pointerdown, pointermove, pointerup or pointerleave handler must have an ARIA role
https://svelte.dev/e/a11y_no_static_element_interactions
469:   <!-- SVG Canvas -->
470:   <div class="canvas-area" bind:this={canvasArea}>
471:     <svg
             ^
472:       bind:this={svgEl}
473:       viewBox="0 0 {w} {h}"
5:26:18 PM [vite-plugin-svelte] src/lib/tabs/Draw.svelte:45:6 `strokes` is updated, but is not declared with `$state(...)`. Changing its value will not correctly trigger updates
https://svelte.dev/e/non_reactive_update
43:   };
44: 
45:   let strokes: Stroke[] = [];
                           ^
46:   let historyIdx = -1;
47:   const MAX_HISTORY = 50;
5:26:18 PM [vite-plugin-svelte] src/lib/tabs/Draw.svelte:46:6 `historyIdx` is updated, but is not declared with `$state(...)`. Changing its value will not correctly trigger updates
https://svelte.dev/e/non_reactive_update
44: 
45:   let strokes: Stroke[] = [];
46:   let historyIdx = -1;
                    ^
47:   const MAX_HISTORY = 50;
48: 
5:26:18 PM [vite-plugin-svelte] src/lib/tabs/Draw.svelte:50:6 `currentStroke` is updated, but is not declared with `$state(...)`. Changing its value will not correctly trigger updates
https://svelte.dev/e/non_reactive_update
48: 
49:   let drawing = false;
50:   let currentStroke: Stroke | null = null;
                                      ^
51:   let currentPoints: Point[] = [];
52:   let pencilPaths: string[] = [];
5:26:18 PM [vite-plugin-svelte] src/lib/tabs/Draw.svelte:52:6 `pencilPaths` is updated, but is not declared with `$state(...)`. Changing its value will not correctly trigger updates
https://svelte.dev/e/non_reactive_update
50:   let currentStroke: Stroke | null = null;
51:   let currentPoints: Point[] = [];
52:   let pencilPaths: string[] = [];
                               ^
53: 
54:   // ── SVG coords ──────────────────────────────────────────────────────────
5:26:19 PM [vite-plugin-svelte] src/lib/tabs/Vault.svelte:479:2 Unused CSS selector ".vault-head h2"
https://svelte.dev/e/css_unused_selector
477: 
478:   .vault-head h1,
479:   .vault-head h2 {
                     ^
480:     font-size: 18px;
481:     font-weight: 600;
5:26:19 PM [vite-plugin-svelte] src/lib/components/SaveDialog.svelte:23:26 This reference only captures the initial value of `defaultName`. Did you mean to reference it inside a closure instead?
https://svelte.dev/e/state_referenced_locally
21:   type Folder = { folderId: string; name: string; parentId?: string };
22: 
23:   let filename   = $state(defaultName);
                                         ^
24:   let folders    = $state<Folder[]>([]);
25:   let currentId  = $state<string | null>(null);
5:26:30 PM [vite-plugin-svelte] src/lib/components/viewer/FileEditor.svelte:147:38 This reference only captures the initial value of `isMd`. Did you mean to reference it inside a derived instead?
https://svelte.dev/e/state_referenced_locally
145:   let dirty        = $state(false);
146:   type TextView = 'editor' | 'preview' | 'split';
147:   let textView     = $state<TextView>(isMd ? 'split' : 'editor');
                                               ^
148:   let mdHtml       = $state('');
149: 
`config.kit.csrf.checkOrigin` has been deprecated in favour of `csrf.trustedOrigins`. It will be removed in a future version
