
Run npm run preview to preview your production build locally.

> Using @sveltejs/adapter-cloudflare
  ✔ done
